Method: GET, Status: 404, Timestamp: 2024-06-02 02:04:50, Message: No comments were found., IP Address: [0:0:0:0:0:0:0:1]
Method: GET, Status: 404, Timestamp: 2024-06-02 02:04:50, Message: No comments were found., IP Address: [0:0:0:0:0:0:0:1]
Method: GET, Status: 404, Timestamp: 2024-06-02 02:04:50, Message: No comments were found., IP Address: [0:0:0:0:0:0:0:1]
Method: GET, Status: 404, Timestamp: 2024-06-02 02:04:50, Message: No comments were found., IP Address: [0:0:0:0:0:0:0:1]
Method: GET, Status: 404, Timestamp: 2024-06-02 02:04:50, Message: No comments were found., IP Address: [0:0:0:0:0:0:0:1]
Method: GET, Status: 404, Timestamp: 2024-06-02 02:04:50, Message: No comments were found., IP Address: [0:0:0:0:0:0:0:1]
Method: GET, Status: 404, Timestamp: 2024-06-02 02:04:50, Message: No comments were found., IP Address: [0:0:0:0:0:0:0:1]
Method: GET, Status: 404, Timestamp: 2024-06-02 02:04:50, Message: No comments were found., IP Address: [0:0:0:0:0:0:0:1]
Method: GET, Status: 404, Timestamp: 2024-06-02 02:04:50, Message: No comments were found., IP Address: [0:0:0:0:0:0:0:1]
Method: GET, Status: 404, Timestamp: 2024-06-02 02:04:50, Message: No comments were found., IP Address: [0:0:0:0:0:0:0:1]
Method: GET, Status: 404, Timestamp: 2024-06-02 02:04:50, Message: No comments were found., IP Address: [0:0:0:0:0:0:0:1]
Method: GET, Status: 404, Timestamp: 2024-06-02 02:04:50, Message: No comments were found., IP Address: [0:0:0:0:0:0:0:1]
Method: GET, Status: 404, Timestamp: 2024-06-02 02:04:50, Message: No comments were found., IP Address: [0:0:0:0:0:0:0:1]
Method: GET, Status: 404, Timestamp: 2024-06-02 02:04:50, Message: No comments were found., IP Address: [0:0:0:0:0:0:0:1]
Method: GET, Status: 404, Timestamp: 2024-06-02 02:04:50, Message: No comments were found., IP Address: [0:0:0:0:0:0:0:1]
Method: GET, Status: 404, Timestamp: 2024-06-02 02:04:50, Message: No comments were found., IP Address: [0:0:0:0:0:0:0:1]
Method: GET, Status: 404, Timestamp: 2024-06-02 02:04:50, Message: No comments were found., IP Address: [0:0:0:0:0:0:0:1]
Method: GET, Status: 404, Timestamp: 2024-06-02 02:04:50, Message: No comments were found., IP Address: [0:0:0:0:0:0:0:1]
Method: GET, Status: 404, Timestamp: 2024-06-02 02:04:50, Message: No comments were found., IP Address: [0:0:0:0:0:0:0:1]
